#
# A fatal error has been detected by the Java Runtime Environment:
#
#  EXCEPTION_ACCESS_VIOLATION (0xc0000005) at pc=0x00007ffab5c072f6, pid=19044, tid=12548
#
# JRE version: Java(TM) SE Runtime Environment (19.0.2+7) (build 19.0.2+7-44)
# Java VM: Java HotSpot(TM) 64-Bit Server VM (19.0.2+7-44, mixed mode, sharing, tiered, compressed oops, compressed class ptrs, g1 gc, windows-amd64)
# Problematic frame:
# C  [cplex2211.dll+0x3b72f6]
#
# No core dump will be written. Minidumps are not enabled by default on client versions of Windows
#
# If you would like to submit a bug report, please visit:
#   https://bugreport.java.com/bugreport/crash.jsp
# The crash happened outside the Java Virtual Machine in native code.
# See problematic frame for where to report the bug.
#

---------------  S U M M A R Y ------------

Command Line: -Djava.library.path=C:/Applications/CPLEX_Studio2211/opl/bin/x64_win64 target/ChallengeSBPO2025-1.0.jar datasets/b/instance_0011.txt test_out.txt

Host: 12th Gen Intel(R) Core(TM) i7-12700H, 20 cores, 15G,  Windows 11 , 64 bit Build 26100 (10.0.26100.3912)
Time: Sun Jun  8 12:00:17 2025 Hora oficial do Brasil elapsed time: 119.845304 seconds (0d 0h 1m 59s)

---------------  T H R E A D  ---------------

Current thread (0x000002c7692f99e0):  JavaThread "Thread-0" [_thread_in_native, id=12548, stack(0x000000cf82100000,0x000000cf82200000)]

Stack: [0x000000cf82100000,0x000000cf82200000],  sp=0x000000cf821fed30,  free space=1019k
Native frames: (J=compiled Java code, j=interpreted, Vv=VM code, C=native code)
C  [cplex2211.dll+0x3b72f6]

Java frames: (J=compiled Java code, j=interpreted, Vv=VM code)
j  ilog.cplex.Cplex.CPXgetsolnpoolnumfilters(JJ)I+0
j  ilog.cplex.CplexI.flushFilters()V+16
j  ilog.cplex.CplexI.access$400(Lilog/cplex/CplexI;)V+1
j  ilog.cplex.CplexI$SolveHandle.start()V+59
j  ilog.cplex.CplexI.solve([Lilog/cplex/IloCplex$ParameterSet;)Z+15
j  ilog.cplex.CplexI.solve()Z+5
j  ilog.cplex.IloCplex.solve()Z+4
j  org.sbpo2025.challenge.BasicModel.solve()V+4
j  org.sbpo2025.challenge.TSHeuristic$1.run()V+127
v  ~StubRoutines::call_stub 0x000002c73283100e

siginfo: EXCEPTION_ACCESS_VIOLATION (0xc0000005), reading address 0x000002c7523b5740


Registers:
RAX=0x0000000000000000, RBX=0x000000000005619d, RCX=0x0000000000067f16, RDX=0x0000000000067f17
RSP=0x000000cf821fed30, RBP=0x00000000000561bc, RSI=0x0000000000000000, RDI=0x0000000000000000
R8 =0x0000000000000000, R9 =0x000000000012d819, R10=0x0000000000000000, R11=0x000002c752676e30
R12=0x000002c752705900, R13=0x0000000000000010, R14=0x000002c7523fcca8, R15=0x000002c7523b5740
RIP=0x00007ffab5c072f6, EFLAGS=0x0000000000010202


Register to memory mapping:

RIP=0x00007ffab5c072f6 cplex2211.dll
RAX=0x0 is NULL
RBX=0x000000000005619d is an unknown value
RCX=0x0000000000067f16 is an unknown value
RDX=0x0000000000067f17 is an unknown value
RSP=0x000000cf821fed30 is pointing into the stack for thread: 0x000002c7692f99e0
RBP=0x00000000000561bc is an unknown value
RSI=0x0 is NULL
RDI=0x0 is NULL
R8 =0x0 is NULL
R9 =0x000000000012d819 is an unknown value
R10=0x0 is NULL
R11=0x000002c752676e30 is an unknown value
R12=0x000002c752705900 points into unknown readable memory: 0x00004834000047ba | ba 47 00 00 34 48 00 00
R13=0x0000000000000010 is an unknown value
R14=0x000002c7523fcca8 is an unknown value
R15=0x000002c7523b5740 is an unknown value


Top of Stack: (sp=0x000000cf821fed30)
0x000000cf821fed30:   000002c7210d93c0 000002c7210d02a4
0x000000cf821fed40:   000002c747c63c68 000002c720fd0000
0x000000cf821fed50:   0000000000000009 0000000000000010
0x000000cf821fed60:   000002c700000002 00007ffab5a9a22e
0x000000cf821fed70:   0000000000000000 0000000000000000
0x000000cf821fed80:   000000000012d819 000002c751005e68
0x000000cf821fed90:   0000000000010cf2 0000000000000000
0x000000cf821feda0:   000002c750c17fe0 000000000000b16b
0x000000cf821fedb0:   0000000000010cf2 000002c74c62f9b0
0x000000cf821fedc0:   000002c74bf2ef80 000002c74f3a92a0
0x000000cf821fedd0:   000000000000b16b 0000000000000000
0x000000cf821fede0:   0000000000000000 000002c7513affb0
0x000000cf821fedf0:   000002c7514c90c0 000002c750fad310
0x000000cf821fee00:   000000000000b16b 000002c74f3d584c
0x000000cf821fee10:   000002c751521c18 000002c7523c6050
0x000000cf821fee20:   000002c75225d050 000000000000b16b 

Instructions: (pc=0x00007ffab5c072f6)
0x00007ffab5c071f6:   ba 00 00 00 00 0f 88 06 02 00 00 4c 8b 9c 24 c8
0x00007ffab5c07206:   00 00 00 4c 8b b4 24 f8 00 00 00 48 8b 84 24 c0
0x00007ffab5c07216:   00 00 00 48 8b 94 24 98 00 00 00 48 89 9c 24 80
0x00007ffab5c07226:   00 00 00 4f 8d 1c f3 4c 89 5c 24 58 4a 8d 04 f0
0x00007ffab5c07236:   48 89 84 24 e0 00 00 00 4e 8d 34 b2 4c 89 b4 24
0x00007ffab5c07246:   d8 00 00 00 4c 89 bc 24 d0 00 00 00 44 89 64 24
0x00007ffab5c07256:   78 89 7c 24 68 4c 89 6c 24 70 48 89 ac 24 88 00
0x00007ffab5c07266:   00 00 48 89 74 24 60 48 8b 5c 24 58 48 8b 84 24
0x00007ffab5c07276:   d8 00 00 00 48 8b 94 24 e0 00 00 00 4a 8b 5c c3
0x00007ffab5c07286:   f8 4a 63 44 80 fc 4a 8b 54 c2 f8 48 8d 6c 03 ff
0x00007ffab5c07296:   48 3b eb 4c 8d 62 ff 4c 89 e1 0f 8c f8 00 00 00
0x00007ffab5c072a6:   49 89 ed 33 c0 4c 2b eb 33 f6 49 ff c5 41 bb 01
0x00007ffab5c072b6:   00 00 00 49 d1 ed 33 ff 4d 85 ed 76 7d 49 89 ed
0x00007ffab5c072c6:   4c 8b a4 24 f0 00 00 00 4c 2b eb 4c 8b 9c 24 e8
0x00007ffab5c072d6:   00 00 00 49 ff c5 49 d1 ed 4c 89 4c 24 50 4d 8d
0x00007ffab5c072e6:   74 94 fc 4d 8d 3c ac 4d 8d 64 d3 f8 4d 8d 1c eb
0x00007ffab5c072f6:   46 8b 0c 3e 48 ff c0 46 89 0c 36 4e 8b 0c 1f 4e
0x00007ffab5c07306:   89 0c 27 46 8b 4c 3e fc 46 89 4c 36 fc 48 83 c6
0x00007ffab5c07316:   f8 4e 8b 4c 1f f8 4e 89 4c 27 f8 48 83 c7 f0 49
0x00007ffab5c07326:   3b c5 72 cc 4c 8b 4c 24 50 48 8d 34 00 48 f7 de
0x00007ffab5c07336:   4c 8d 5c 00 01 4c 8d 64 16 ff 48 f7 db 49 8d 53
0x00007ffab5c07346:   ff 48 8d 44 1d 01 48 3b d0 0f 83 1a 04 00 00 48
0x00007ffab5c07356:   89 cb 48 2b ea 48 2b da 48 8b 94 24 f0 00 00 00
0x00007ffab5c07366:   48 8b 84 24 e8 00 00 00 48 8b b4 24 d8 00 00 00
0x00007ffab5c07376:   44 8b 24 aa 44 89 24 9a 49 89 cc 48 8b 8c 24 e0
0x00007ffab5c07386:   00 00 00 4d 2b e3 48 8b 2c e8 48 89 2c d8 4a 8b
0x00007ffab5c07396:   54 c1 f8 4a 63 44 86 fc 49 f7 dc 49 ff c2 4c 03
0x00007ffab5c073a6:   e2 48 2b d0 48 8b 44 24 58 4a 89 54 c0 f8 49 ff
0x00007ffab5c073b6:   c8 4c 3b 94 24 f8 00 00 00 4f 8d 4c a1 fc 0f 82
0x00007ffab5c073c6:   a3 fe ff ff 44 8b 84 24 a0 00 00 00 48 8b 9c 24
0x00007ffab5c073d6:   80 00 00 00 4c 8b bc 24 d0 00 00 00 44 8b 64 24
0x00007ffab5c073e6:   78 45 8d 58 01 41 f7 db 8b 7c 24 68 45 03 d8 4c 


Stack slot to memory mapping:
stack at sp + 0 slots: 0x000002c7210d93c0 points into unknown readable memory: 0x000002c7210d0f60 | 60 0f 0d 21 c7 02 00 00
stack at sp + 1 slots: 0x000002c7210d02a4 points into unknown readable memory: 01 00 00 01
stack at sp + 2 slots: {method} {0x000002c747c63c70} 'CPXgetintparam' '(JI[I)I' in 'ilog/cplex/Cplex'
stack at sp + 3 slots: 0x000002c720fd0000 points into unknown readable memory: 0x0000000000000000 | 00 00 00 00 00 00 00 00
stack at sp + 4 slots: 0x0000000000000009 is an unknown value
stack at sp + 5 slots: 0x0000000000000010 is an unknown value
stack at sp + 6 slots: 0x000002c700000002 is an unknown value
stack at sp + 7 slots: 0x00007ffab5a9a22e cplex2211.dll


---------------  P R O C E S S  ---------------

Threads class SMR info:
_java_thread_list=0x000002c7614cc5e0, length=14, elements={
0x000002c72347c5a0, 0x000002c7474aa120, 0x000002c7474aac50, 0x000002c7474b19b0,
0x000002c7474b22e0, 0x000002c7474b2c10, 0x000002c7474b5550, 0x000002c7474b6510,
0x000002c7474b6e80, 0x000002c7474b9da0, 0x000002c7474ba2f0, 0x000002c7474bad90,
0x000002c7692f99e0, 0x000002c7692fa9d0
}

Java Threads: ( => current thread )
  0x000002c72347c5a0 JavaThread "main" [_thread_blocked, id=24788, stack(0x000000cf82400000,0x000000cf82500000)]
  0x000002c7474aa120 JavaThread "Reference Handler" daemon [_thread_blocked, id=4076, stack(0x000000cf82b00000,0x000000cf82c00000)]
  0x000002c7474aac50 JavaThread "Finalizer" daemon [_thread_blocked, id=22380, stack(0x000000cf82c00000,0x000000cf82d00000)]
  0x000002c7474b19b0 JavaThread "Signal Dispatcher" daemon [_thread_blocked, id=19744, stack(0x000000cf82d00000,0x000000cf82e00000)]
  0x000002c7474b22e0 JavaThread "Attach Listener" daemon [_thread_blocked, id=21592, stack(0x000000cf82e00000,0x000000cf82f00000)]
  0x000002c7474b2c10 JavaThread "Service Thread" daemon [_thread_blocked, id=16136, stack(0x000000cf82f00000,0x000000cf83000000)]
  0x000002c7474b5550 JavaThread "Monitor Deflation Thread" daemon [_thread_blocked, id=24216, stack(0x000000cf83000000,0x000000cf83100000)]
  0x000002c7474b6510 JavaThread "C2 CompilerThread0" daemon [_thread_blocked, id=21196, stack(0x000000cf83100000,0x000000cf83200000)]
  0x000002c7474b6e80 JavaThread "C1 CompilerThread0" daemon [_thread_blocked, id=22656, stack(0x000000cf83200000,0x000000cf83300000)]
  0x000002c7474b9da0 JavaThread "Sweeper thread" daemon [_thread_blocked, id=24204, stack(0x000000cf83300000,0x000000cf83400000)]
  0x000002c7474ba2f0 JavaThread "Notification Thread" daemon [_thread_blocked, id=3360, stack(0x000000cf83600000,0x000000cf83700000)]
  0x000002c7474bad90 JavaThread "Common-Cleaner" daemon [_thread_blocked, id=4660, stack(0x000000cf83800000,0x000000cf83900000)]
=>0x000002c7692f99e0 JavaThread "Thread-0" [_thread_in_native, id=12548, stack(0x000000cf82100000,0x000000cf82200000)]
  0x000002c7692fa9d0 JavaThread "Thread-1" [_thread_in_native, id=12124, stack(0x000000cf82200000,0x000000cf82300000)]

Other Threads:
  0x000002c7474877e0 VMThread "VM Thread" [stack: 0x000000cf82a00000,0x000000cf82b00000] [id=19504]
  0x000002c74b9d30e0 WatcherThread "VM Periodic Task Thread" [stack: 0x000000cf83700000,0x000000cf83800000] [id=5696]
  0x000002c7234ee1a0 WorkerThread "GC Thread#0" [stack: 0x000000cf82500000,0x000000cf82600000] [id=23184]
  0x000002c747485e90 WorkerThread "GC Thread#1" [stack: 0x000000cf84100000,0x000000cf84200000] [id=12732]
  0x000002c747486700 WorkerThread "GC Thread#2" [stack: 0x000000cf84200000,0x000000cf84300000] [id=24944]
  0x000002c747486430 WorkerThread "GC Thread#3" [stack: 0x000000cf84300000,0x000000cf84400000] [id=14004]
  0x000002c747486160 WorkerThread "GC Thread#4" [stack: 0x000000cf84400000,0x000000cf84500000] [id=25876]
  0x000002c747486f70 WorkerThread "GC Thread#5" [stack: 0x000000cf84500000,0x000000cf84600000] [id=19620]
  0x000002c747486ca0 WorkerThread "GC Thread#6" [stack: 0x000000cf83e00000,0x000000cf83f00000] [id=6860]
  0x000002c747487240 WorkerThread "GC Thread#7" [stack: 0x000000cf83f00000,0x000000cf84000000] [id=12968]
  0x000002c747487510 WorkerThread "GC Thread#8" [stack: 0x000000cf84000000,0x000000cf84100000] [id=25952]
  0x000002c747485bc0 WorkerThread "GC Thread#9" [stack: 0x000000cf84600000,0x000000cf84700000] [id=1136]
  0x000002c74dacd330 WorkerThread "GC Thread#10" [stack: 0x000000cf84700000,0x000000cf84800000] [id=14160]
  0x000002c74dacbcb0 WorkerThread "GC Thread#11" [stack: 0x000000cf84800000,0x000000cf84900000] [id=12688]
  0x000002c74dacc520 WorkerThread "GC Thread#12" [stack: 0x000000cf85500000,0x000000cf85600000] [id=18372]
  0x000002c74dacd600 WorkerThread "GC Thread#13" [stack: 0x000000cf85600000,0x000000cf85700000] [id=13124]
  0x000002c74dace410 WorkerThread "GC Thread#14" [stack: 0x000000cf85700000,0x000000cf85800000] [id=16064]
  0x000002c7234ffa80 ConcurrentGCThread "G1 Main Marker" [stack: 0x000000cf82600000,0x000000cf82700000] [id=10992]
  0x000002c7235004b0 WorkerThread "G1 Conc#0" [stack: 0x000000cf82700000,0x000000cf82800000] [id=15572]
  0x000002c74733e490 ConcurrentGCThread "G1 Refine#0" [stack: 0x000000cf82800000,0x000000cf82900000] [id=14492]
  0x000002c747340280 ConcurrentGCThread "G1 Service" [stack: 0x000000cf82900000,0x000000cf82a00000] [id=18460]

Threads with active compile tasks:

VM state: not at safepoint (normal execution)

VM Mutex/Monitor currently owned by a thread: None

Heap address: 0x0000000704e00000, size: 4018 MB, Compressed Oops mode: Zero based, Oop shift amount: 3

CDS archive(s) mapped at: [0x0000000800000000-0x0000000800c40000-0x0000000800c40000), size 12845056, SharedBaseAddress: 0x0000000800000000, ArchiveRelocationMode: 0.
Compressed class space mapped at: 0x0000000801000000-0x0000000841000000, reserved size: 1073741824
Narrow klass base: 0x0000000800000000, Narrow klass shift: 0, Narrow klass range: 0x100000000

GC Precious Log:
 CardTable entry size: 512
 Card Set container configuration: InlinePtr #cards 4 size 8 Array Of Cards #cards 16 size 48 Howl #buckets 8 coarsen threshold 3686 Howl Bitmap #cards 512 size 80 coarsen threshold 460 Card regions per heap region 1 cards per card region 4096
 CPUs: 20 total, 20 available
 Memory: 16068M
 Large Page Support: Disabled
 NUMA Support: Disabled
 Compressed Oops: Enabled (Zero based)
 Heap Region Size: 2M
 Heap Min Capacity: 8M
 Heap Initial Capacity: 252M
 Heap Max Capacity: 4018M
 Pre-touch: Disabled
 Parallel Workers: 15
 Concurrent Workers: 4
 Concurrent Refinement Workers: 15
 Periodic GC: Disabled

Heap:
 garbage-first heap   total 286720K, used 153770K [0x0000000704e00000, 0x0000000800000000)
  region size 2048K, 43 young (88064K), 3 survivors (6144K)
 Metaspace       used 2655K, committed 2816K, reserved 1114112K
  class space    used 236K, committed 320K, reserved 1048576K

Heap Regions: E=young(eden), S=young(survivor), O=old, HS=humongous(starts), HC=humongous(continues), CS=collection set, F=free, OA=open archive, CA=closed archive, TAMS=top-at-mark-start (previous, next)
|   0|0x0000000704e00000, 0x0000000705000000, 0x0000000705000000|100%| O|  |TAMS 0x0000000705000000, 0x0000000704e00000| Untracked 
|   1|0x0000000705000000, 0x0000000705200000, 0x0000000705200000|100%| O|  |TAMS 0x0000000705200000, 0x0000000705000000| Untracked 
|   2|0x0000000705200000, 0x00000007053fe5c0, 0x0000000705400000| 99%| O|  |TAMS 0x0000000705200000, 0x0000000705200000| Untracked 
|   3|0x0000000705400000, 0x0000000705600000, 0x0000000705600000|100%| O|  |TAMS 0x0000000705600000, 0x0000000705400000| Untracked 
|   4|0x0000000705600000, 0x0000000705800000, 0x0000000705800000|100%| O|  |TAMS 0x0000000705600000, 0x0000000705600000| Untracked 
|   5|0x0000000705800000, 0x00000007059ffff8, 0x0000000705a00000| 99%| O|  |TAMS 0x0000000705800000, 0x0000000705800000| Untracked 
|   6|0x0000000705a00000, 0x0000000705bfffd8, 0x0000000705c00000| 99%| O|  |TAMS 0x0000000705a00000, 0x0000000705a00000| Untracked 
|   7|0x0000000705c00000, 0x0000000705e00000, 0x0000000705e00000|100%| O|  |TAMS 0x0000000705c00000, 0x0000000705c00000| Untracked 
|   8|0x0000000705e00000, 0x0000000706000000, 0x0000000706000000|100%| O|  |TAMS 0x0000000706000000, 0x0000000705e00000| Untracked 
|   9|0x0000000706000000, 0x0000000706200000, 0x0000000706200000|100%| O|  |TAMS 0x0000000706200000, 0x0000000706000000| Untracked 
|  10|0x0000000706200000, 0x0000000706400000, 0x0000000706400000|100%| O|  |TAMS 0x0000000706400000, 0x0000000706200000| Untracked 
|  11|0x0000000706400000, 0x0000000706600000, 0x0000000706600000|100%| O|  |TAMS 0x0000000706600000, 0x0000000706400000| Untracked 
|  12|0x0000000706600000, 0x0000000706783f00, 0x0000000706800000| 75%| O|  |TAMS 0x0000000706600000, 0x0000000706600000| Untracked 
|  13|0x0000000706800000, 0x00000007069fffe0, 0x0000000706a00000| 99%| O|  |TAMS 0x0000000706800000, 0x0000000706800000| Untracked 
|  14|0x0000000706a00000, 0x0000000706bffff8, 0x0000000706c00000| 99%| O|  |TAMS 0x0000000706a00000, 0x0000000706a00000| Untracked 
|  15|0x0000000706c00000, 0x0000000706dffff8, 0x0000000706e00000| 99%| O|  |TAMS 0x0000000706c00000, 0x0000000706c00000| Untracked 
|  16|0x0000000706e00000, 0x0000000707000000, 0x0000000707000000|100%| O|  |TAMS 0x0000000706e00000, 0x0000000706e00000| Untracked 
|  17|0x0000000707000000, 0x0000000707200000, 0x0000000707200000|100%| O|  |TAMS 0x0000000707000000, 0x0000000707000000| Untracked 
|  18|0x0000000707200000, 0x00000007073fffe8, 0x0000000707400000| 99%| O|  |TAMS 0x0000000707200000, 0x0000000707200000| Untracked 
|  19|0x0000000707400000, 0x00000007075aa9a0, 0x0000000707600000| 83%| O|  |TAMS 0x0000000707400000, 0x0000000707400000| Untracked 
|  20|0x0000000707600000, 0x00000007077cca38, 0x0000000707800000| 89%| O|  |TAMS 0x0000000707600000, 0x0000000707600000| Untracked 
|  21|0x0000000707800000, 0x00000007079fffe0, 0x0000000707a00000| 99%| O|  |TAMS 0x0000000707800000, 0x0000000707800000| Untracked 
|  22|0x0000000707a00000, 0x0000000707bf5158, 0x0000000707c00000| 97%| O|  |TAMS 0x0000000707a00000, 0x0000000707a00000| Untracked 
|  23|0x0000000707c00000, 0x0000000707dffff8, 0x0000000707e00000| 99%| O|  |TAMS 0x0000000707c00000, 0x0000000707c00000| Untracked 
|  24|0x0000000707e00000, 0x0000000707fffff0, 0x0000000708000000| 99%| O|  |TAMS 0x0000000707e00000, 0x0000000707e00000| Untracked 
|  25|0x0000000708000000, 0x0000000708200000, 0x0000000708200000|100%| O|  |TAMS 0x0000000708000000, 0x0000000708000000| Untracked 
|  26|0x0000000708200000, 0x0000000708361418, 0x0000000708400000| 68%| O|  |TAMS 0x0000000708200000, 0x0000000708200000| Untracked 
|  27|0x0000000708400000, 0x00000007084af0b8, 0x0000000708600000| 34%| O|  |TAMS 0x0000000708400000, 0x0000000708400000| Untracked 
|  28|0x0000000708600000, 0x00000007087fffd0, 0x0000000708800000| 99%| O|  |TAMS 0x0000000708600000, 0x0000000708600000| Untracked 
|  29|0x0000000708800000, 0x00000007089ffff0, 0x0000000708a00000| 99%| O|  |TAMS 0x0000000708800000, 0x0000000708800000| Untracked 
|  30|0x0000000708a00000, 0x0000000708ab3920, 0x0000000708c00000| 35%| O|  |TAMS 0x0000000708a00000, 0x0000000708a00000| Untracked 
|  31|0x0000000708c00000, 0x0000000708d4ade8, 0x0000000708e00000| 64%| O|  |TAMS 0x0000000708c00000, 0x0000000708c00000| Untracked 
|  32|0x0000000708e00000, 0x0000000708e7d6f0, 0x0000000709000000| 24%| O|  |TAMS 0x0000000708e00000, 0x0000000708e00000| Untracked 
|  33|0x0000000709000000, 0x000000070900a808, 0x0000000709200000|  2%| O|  |TAMS 0x0000000709000000, 0x0000000709000000| Untracked 
|  34|0x0000000709200000, 0x0000000709200000, 0x0000000709400000|  0%| F|  |TAMS 0x0000000709200000, 0x0000000709200000| Untracked 
|  35|0x0000000709400000, 0x0000000709429fc8, 0x0000000709600000|  8%| O|  |TAMS 0x0000000709400000, 0x0000000709400000| Untracked 
|  36|0x0000000709600000, 0x0000000709800000, 0x0000000709800000|100%| O|  |TAMS 0x0000000709600000, 0x0000000709600000| Untracked 
|  37|0x0000000709800000, 0x000000070984a6b8, 0x0000000709a00000| 14%| O|  |TAMS 0x0000000709800000, 0x0000000709800000| Untracked 
|  38|0x0000000709a00000, 0x0000000709a00000, 0x0000000709c00000|  0%| F|  |TAMS 0x0000000709a00000, 0x0000000709a00000| Untracked 
|  39|0x0000000709c00000, 0x0000000709c00000, 0x0000000709e00000|  0%| F|  |TAMS 0x0000000709c00000, 0x0000000709c00000| Untracked 
|  40|0x0000000709e00000, 0x0000000709e24ae0, 0x000000070a000000|  7%| O|  |TAMS 0x0000000709e00000, 0x0000000709e00000| Untracked 
|  41|0x000000070a000000, 0x000000070a1fd340, 0x000000070a200000| 99%| O|  |TAMS 0x000000070a000000, 0x000000070a000000| Untracked 
|  42|0x000000070a200000, 0x000000070a200000, 0x000000070a400000|  0%| F|  |TAMS 0x000000070a200000, 0x000000070a200000| Untracked 
|  43|0x000000070a400000, 0x000000070a400000, 0x000000070a600000|  0%| F|  |TAMS 0x000000070a400000, 0x000000070a400000| Untracked 
|  44|0x000000070a600000, 0x000000070a600000, 0x000000070a800000|  0%| F|  |TAMS 0x000000070a600000, 0x000000070a600000| Untracked 
|  45|0x000000070a800000, 0x000000070a800000, 0x000000070aa00000|  0%| F|  |TAMS 0x000000070a800000, 0x000000070a800000| Untracked 
|  46|0x000000070aa00000, 0x000000070aa00000, 0x000000070ac00000|  0%| F|  |TAMS 0x000000070aa00000, 0x000000070aa00000| Untracked 
|  47|0x000000070ac00000, 0x000000070ac00000, 0x000000070ae00000|  0%| F|  |TAMS 0x000000070ac00000, 0x000000070ac00000| Untracked 
|  48|0x000000070ae00000, 0x000000070ae29fe0, 0x000000070b000000|  8%| O|  |TAMS 0x000000070ae00000, 0x000000070ae00000| Untracked 
|  49|0x000000070b000000, 0x000000070b000000, 0x000000070b200000|  0%| F|  |TAMS 0x000000070b000000, 0x000000070b000000| Untracked 
|  50|0x000000070b200000, 0x000000070b200000, 0x000000070b400000|  0%| F|  |TAMS 0x000000070b200000, 0x000000070b200000| Untracked 
|  51|0x000000070b400000, 0x000000070b400000, 0x000000070b600000|  0%| F|  |TAMS 0x000000070b400000, 0x000000070b400000| Untracked 
|  52|0x000000070b600000, 0x000000070b600000, 0x000000070b800000|  0%| F|  |TAMS 0x000000070b600000, 0x000000070b600000| Untracked 
|  53|0x000000070b800000, 0x000000070b800000, 0x000000070ba00000|  0%| F|  |TAMS 0x000000070b800000, 0x000000070b800000| Untracked 
|  54|0x000000070ba00000, 0x000000070ba00000, 0x000000070bc00000|  0%| F|  |TAMS 0x000000070ba00000, 0x000000070ba00000| Untracked 
|  55|0x000000070bc00000, 0x000000070bc00000, 0x000000070be00000|  0%| F|  |TAMS 0x000000070bc00000, 0x000000070bc00000| Untracked 
|  56|0x000000070be00000, 0x000000070be00000, 0x000000070c000000|  0%| F|  |TAMS 0x000000070be00000, 0x000000070be00000| Untracked 
|  57|0x000000070c000000, 0x000000070c000000, 0x000000070c200000|  0%| F|  |TAMS 0x000000070c000000, 0x000000070c000000| Untracked 
|  58|0x000000070c200000, 0x000000070c200000, 0x000000070c400000|  0%| F|  |TAMS 0x000000070c200000, 0x000000070c200000| Untracked 
|  59|0x000000070c400000, 0x000000070c400000, 0x000000070c600000|  0%| F|  |TAMS 0x000000070c400000, 0x000000070c400000| Untracked 
|  60|0x000000070c600000, 0x000000070c600000, 0x000000070c800000|  0%| F|  |TAMS 0x000000070c600000, 0x000000070c600000| Untracked 
|  61|0x000000070c800000, 0x000000070c800000, 0x000000070ca00000|  0%| F|  |TAMS 0x000000070c800000, 0x000000070c800000| Untracked 
|  62|0x000000070ca00000, 0x000000070ca00000, 0x000000070cc00000|  0%| F|  |TAMS 0x000000070ca00000, 0x000000070ca00000| Untracked 
|  63|0x000000070cc00000, 0x000000070cc00000, 0x000000070ce00000|  0%| F|  |TAMS 0x000000070cc00000, 0x000000070cc00000| Untracked 
|  64|0x000000070ce00000, 0x000000070ce00000, 0x000000070d000000|  0%| F|  |TAMS 0x000000070ce00000, 0x000000070ce00000| Untracked 
|  65|0x000000070d000000, 0x000000070d000000, 0x000000070d200000|  0%| F|  |TAMS 0x000000070d000000, 0x000000070d000000| Untracked 
|  66|0x000000070d200000, 0x000000070d200000, 0x000000070d400000|  0%| F|  |TAMS 0x000000070d200000, 0x000000070d200000| Untracked 
|  67|0x000000070d400000, 0x000000070d400000, 0x000000070d600000|  0%| F|  |TAMS 0x000000070d400000, 0x000000070d400000| Untracked 
|  68|0x000000070d600000, 0x000000070d600000, 0x000000070d800000|  0%| F|  |TAMS 0x000000070d600000, 0x000000070d600000| Untracked 
|  69|0x000000070d800000, 0x000000070d800000, 0x000000070da00000|  0%| F|  |TAMS 0x000000070d800000, 0x000000070d800000| Untracked 
|  70|0x000000070da00000, 0x000000070da00000, 0x000000070dc00000|  0%| F|  |TAMS 0x000000070da00000, 0x000000070da00000| Untracked 
|  71|0x000000070dc00000, 0x000000070dc00000, 0x000000070de00000|  0%| F|  |TAMS 0x000000070dc00000, 0x000000070dc00000| Untracked 
|  72|0x000000070de00000, 0x000000070de00000, 0x000000070e000000|  0%| F|  |TAMS 0x000000070de00000, 0x000000070de00000| Untracked 
|  73|0x000000070e000000, 0x000000070e000000, 0x000000070e200000|  0%| F|  |TAMS 0x000000070e000000, 0x000000070e000000| Untracked 
|  74|0x000000070e200000, 0x000000070e200000, 0x000000070e400000|  0%| F|  |TAMS 0x000000070e200000, 0x000000070e200000| Untracked 
|  75|0x000000070e400000, 0x000000070e400000, 0x000000070e600000|  0%| F|  |TAMS 0x000000070e400000, 0x000000070e400000| Untracked 
|  76|0x000000070e600000, 0x000000070e600000, 0x000000070e800000|  0%| F|  |TAMS 0x000000070e600000, 0x000000070e600000| Untracked 
|  77|0x000000070e800000, 0x000000070e800000, 0x000000070ea00000|  0%| F|  |TAMS 0x000000070e800000, 0x000000070e800000| Untracked 
|  78|0x000000070ea00000, 0x000000070ea00000, 0x000000070ec00000|  0%| F|  |TAMS 0x000000070ea00000, 0x000000070ea00000| Untracked 
|  79|0x000000070ec00000, 0x000000070ec00000, 0x000000070ee00000|  0%| F|  |TAMS 0x000000070ec00000, 0x000000070ec00000| Untracked 
|  80|0x000000070ee00000, 0x000000070efe5140, 0x000000070f000000| 94%| S|CS|TAMS 0x000000070ee00000, 0x000000070ee00000| Complete 
|  81|0x000000070f000000, 0x000000070f200000, 0x000000070f200000|100%| S|CS|TAMS 0x000000070f000000, 0x000000070f000000| Complete 
|  82|0x000000070f200000, 0x000000070f400000, 0x000000070f400000|100%| S|CS|TAMS 0x000000070f200000, 0x000000070f200000| Complete 
|  83|0x000000070f400000, 0x000000070f400000, 0x000000070f600000|  0%| F|  |TAMS 0x000000070f400000, 0x000000070f400000| Untracked 
|  84|0x000000070f600000, 0x000000070f600000, 0x000000070f800000|  0%| F|  |TAMS 0x000000070f600000, 0x000000070f600000| Untracked 
|  85|0x000000070f800000, 0x000000070f800000, 0x000000070fa00000|  0%| F|  |TAMS 0x000000070f800000, 0x000000070f800000| Untracked 
|  86|0x000000070fa00000, 0x000000070fa00000, 0x000000070fc00000|  0%| F|  |TAMS 0x000000070fa00000, 0x000000070fa00000| Untracked 
|  87|0x000000070fc00000, 0x000000070fc00000, 0x000000070fe00000|  0%| F|  |TAMS 0x000000070fc00000, 0x000000070fc00000| Untracked 
|  88|0x000000070fe00000, 0x000000070fe00000, 0x0000000710000000|  0%| F|  |TAMS 0x000000070fe00000, 0x000000070fe00000| Untracked 
|  89|0x0000000710000000, 0x0000000710200000, 0x0000000710200000|100%| O|  |TAMS 0x0000000710200000, 0x0000000710000000| Untracked 
|  90|0x0000000710200000, 0x0000000710400000, 0x0000000710400000|100%| O|  |TAMS 0x0000000710400000, 0x0000000710200000| Untracked 
|  91|0x0000000710400000, 0x0000000710400000, 0x0000000710600000|  0%| F|  |TAMS 0x0000000710400000, 0x0000000710400000| Untracked 
|  92|0x0000000710600000, 0x0000000710600000, 0x0000000710800000|  0%| F|  |TAMS 0x0000000710600000, 0x0000000710600000| Untracked 
|  93|0x0000000710800000, 0x0000000710800000, 0x0000000710a00000|  0%| F|  |TAMS 0x0000000710800000, 0x0000000710800000| Untracked 
|  94|0x0000000710a00000, 0x0000000710a00000, 0x0000000710c00000|  0%| F|  |TAMS 0x0000000710a00000, 0x0000000710a00000| Untracked 
|  95|0x0000000710c00000, 0x0000000710c00000, 0x0000000710e00000|  0%| F|  |TAMS 0x0000000710c00000, 0x0000000710c00000| Untracked 
|  96|0x0000000710e00000, 0x0000000710e00000, 0x0000000711000000|  0%| F|  |TAMS 0x0000000710e00000, 0x0000000710e00000| Untracked 
|  97|0x0000000711000000, 0x0000000711000000, 0x0000000711200000|  0%| F|  |TAMS 0x0000000711000000, 0x0000000711000000| Untracked 
|  98|0x0000000711200000, 0x0000000711200000, 0x0000000711400000|  0%| F|  |TAMS 0x0000000711200000, 0x0000000711200000| Untracked 
|  99|0x0000000711400000, 0x0000000711400000, 0x0000000711600000|  0%| F|  |TAMS 0x0000000711400000, 0x0000000711400000| Untracked 
| 100|0x0000000711600000, 0x000000071164f800, 0x0000000711800000| 15%| E|  |TAMS 0x0000000711600000, 0x0000000711600000| Complete 
| 101|0x0000000711800000, 0x0000000711a00000, 0x0000000711a00000|100%| E|CS|TAMS 0x0000000711800000, 0x0000000711800000| Complete 
| 102|0x0000000711a00000, 0x0000000711c00000, 0x0000000711c00000|100%| E|CS|TAMS 0x0000000711a00000, 0x0000000711a00000| Complete 
| 103|0x0000000711c00000, 0x0000000711e00000, 0x0000000711e00000|100%| E|CS|TAMS 0x0000000711c00000, 0x0000000711c00000| Complete 
| 104|0x0000000711e00000, 0x0000000712000000, 0x0000000712000000|100%| E|CS|TAMS 0x0000000711e00000, 0x0000000711e00000| Complete 
| 105|0x0000000712000000, 0x0000000712200000, 0x0000000712200000|100%| E|CS|TAMS 0x0000000712000000, 0x0000000712000000| Complete 
| 106|0x0000000712200000, 0x0000000712400000, 0x0000000712400000|100%| E|  |TAMS 0x0000000712200000, 0x0000000712200000| Complete 
| 107|0x0000000712400000, 0x0000000712600000, 0x0000000712600000|100%| E|CS|TAMS 0x0000000712400000, 0x0000000712400000| Complete 
| 108|0x0000000712600000, 0x0000000712800000, 0x0000000712800000|100%| E|CS|TAMS 0x0000000712600000, 0x0000000712600000| Complete 
| 109|0x0000000712800000, 0x0000000712a00000, 0x0000000712a00000|100%| E|CS|TAMS 0x0000000712800000, 0x0000000712800000| Complete 
| 110|0x0000000712a00000, 0x0000000712c00000, 0x0000000712c00000|100%| E|CS|TAMS 0x0000000712a00000, 0x0000000712a00000| Complete 
| 111|0x0000000712c00000, 0x0000000712e00000, 0x0000000712e00000|100%| E|CS|TAMS 0x0000000712c00000, 0x0000000712c00000| Complete 
| 112|0x0000000712e00000, 0x0000000713000000, 0x0000000713000000|100%| E|CS|TAMS 0x0000000712e00000, 0x0000000712e00000| Complete 
| 113|0x0000000713000000, 0x0000000713200000, 0x0000000713200000|100%| E|CS|TAMS 0x0000000713000000, 0x0000000713000000| Complete 
| 114|0x0000000713200000, 0x0000000713400000, 0x0000000713400000|100%| E|CS|TAMS 0x0000000713200000, 0x0000000713200000| Complete 
| 115|0x0000000713400000, 0x0000000713600000, 0x0000000713600000|100%| E|CS|TAMS 0x0000000713400000, 0x0000000713400000| Complete 
| 116|0x0000000713600000, 0x0000000713800000, 0x0000000713800000|100%| E|CS|TAMS 0x0000000713600000, 0x0000000713600000| Complete 
| 117|0x0000000713800000, 0x0000000713a00000, 0x0000000713a00000|100%| E|CS|TAMS 0x0000000713800000, 0x0000000713800000| Complete 
| 118|0x0000000713a00000, 0x0000000713c00000, 0x0000000713c00000|100%| E|CS|TAMS 0x0000000713a00000, 0x0000000713a00000| Complete 
| 119|0x0000000713c00000, 0x0000000713e00000, 0x0000000713e00000|100%| E|CS|TAMS 0x0000000713c00000, 0x0000000713c00000| Complete 
| 120|0x0000000713e00000, 0x0000000714000000, 0x0000000714000000|100%| E|CS|TAMS 0x0000000713e00000, 0x0000000713e00000| Complete 
| 121|0x0000000714000000, 0x0000000714200000, 0x0000000714200000|100%| E|CS|TAMS 0x0000000714000000, 0x0000000714000000| Complete 
| 122|0x0000000714200000, 0x0000000714400000, 0x0000000714400000|100%| E|CS|TAMS 0x0000000714200000, 0x0000000714200000| Complete 
| 123|0x0000000714400000, 0x0000000714600000, 0x0000000714600000|100%| E|CS|TAMS 0x0000000714400000, 0x0000000714400000| Complete 
| 124|0x0000000714600000, 0x0000000714800000, 0x0000000714800000|100%| E|CS|TAMS 0x0000000714600000, 0x0000000714600000| Complete 
| 125|0x0000000714800000, 0x0000000714a00000, 0x0000000714a00000|100%| E|CS|TAMS 0x0000000714800000, 0x0000000714800000| Complete 
| 126|0x0000000714a00000, 0x0000000714c00000, 0x0000000714c00000|100%| E|CS|TAMS 0x0000000714a00000, 0x0000000714a00000| Complete 
| 127|0x0000000714c00000, 0x0000000714e00000, 0x0000000714e00000|100%| E|CS|TAMS 0x0000000714c00000, 0x0000000714c00000| Complete 
| 128|0x0000000714e00000, 0x0000000715000000, 0x0000000715000000|100%| E|CS|TAMS 0x0000000714e00000, 0x0000000714e00000| Complete 
| 129|0x0000000715000000, 0x0000000715200000, 0x0000000715200000|100%| E|CS|TAMS 0x0000000715000000, 0x0000000715000000| Complete 
| 130|0x0000000715200000, 0x0000000715400000, 0x0000000715400000|100%| E|CS|TAMS 0x0000000715200000, 0x0000000715200000| Complete 
| 131|0x0000000715400000, 0x0000000715600000, 0x0000000715600000|100%| E|CS|TAMS 0x0000000715400000, 0x0000000715400000| Complete 
| 132|0x0000000715600000, 0x0000000715800000, 0x0000000715800000|100%| E|CS|TAMS 0x0000000715600000, 0x0000000715600000| Complete 
| 133|0x0000000715800000, 0x0000000715a00000, 0x0000000715a00000|100%| E|CS|TAMS 0x0000000715800000, 0x0000000715800000| Complete 
| 134|0x0000000715a00000, 0x0000000715c00000, 0x0000000715c00000|100%| E|CS|TAMS 0x0000000715a00000, 0x0000000715a00000| Complete 
| 135|0x0000000715c00000, 0x0000000715e00000, 0x0000000715e00000|100%| E|CS|TAMS 0x0000000715c00000, 0x0000000715c00000| Complete 
| 136|0x0000000715e00000, 0x0000000716000000, 0x0000000716000000|100%| E|CS|TAMS 0x0000000715e00000, 0x0000000715e00000| Complete 
| 137|0x0000000716000000, 0x0000000716200000, 0x0000000716200000|100%| E|CS|TAMS 0x0000000716000000, 0x0000000716000000| Complete 
| 138|0x0000000716200000, 0x0000000716400000, 0x0000000716400000|100%| E|CS|TAMS 0x0000000716200000, 0x0000000716200000| Complete 
| 139|0x0000000716400000, 0x0000000716600000, 0x0000000716600000|100%| E|CS|TAMS 0x0000000716400000, 0x0000000716400000| Complete 

Card table byte_map: [0x000002c73b670000,0x000002c73be50000] _byte_map_base: 0x000002c737e49000

Marking Bits (Prev, Next): (CMBitMap*) 0x000002c7234ee810, (CMBitMap*) 0x000002c7234ee7d0
 Prev Bits: [0x000002c740500000, 0x000002c7443c8000)
 Next Bits: [0x000002c73c630000, 0x000002c7404f8000)

Polling page: 0x000002c7213a0000

Metaspace:

Usage:
  Non-class:      2.36 MB used.
      Class:    236.85 KB used.
       Both:      2.59 MB used.

Virtual space:
  Non-class space:       64.00 MB reserved,       2.44 MB (  4%) committed,  1 nodes.
      Class space:        1.00 GB reserved,     320.00 KB ( <1%) committed,  1 nodes.
             Both:        1.06 GB reserved,       2.75 MB ( <1%) committed. 

Chunk freelists:
   Non-Class:  2.46 MB
       Class:  3.54 MB
        Both:  6.00 MB

MaxMetaspaceSize: unlimited
CompressedClassSpaceSize: 1.00 GB
Initial GC threshold: 21.00 MB
Current GC threshold: 21.00 MB
CDS: on
MetaspaceReclaimPolicy: balanced
 - commit_granule_bytes: 65536.
 - commit_granule_words: 8192.
 - virtual_space_node_default_size: 8388608.
 - enlarge_chunks_in_place: 1.
 - new_chunks_are_fully_committed: 0.
 - uncommit_free_chunks: 1.
 - use_allocation_guard: 0.


Internal statistics:

num_allocs_failed_limit: 0.
num_arena_births: 60.
num_arena_deaths: 0.
num_vsnodes_births: 2.
num_vsnodes_deaths: 0.
num_space_committed: 44.
num_space_uncommitted: 0.
num_chunks_returned_to_freelist: 0.
num_chunks_taken_from_freelist: 133.
num_chunk_merges: 0.
num_chunk_splits: 94.
num_chunks_enlarged: 74.
num_inconsistent_stats: 0.

CodeHeap 'non-profiled nmethods': size=119168Kb used=1163Kb max_used=1163Kb free=118004Kb
 bounds [0x000002c732f80000, 0x000002c7331f0000, 0x000002c73a3e0000]
CodeHeap 'profiled nmethods': size=119104Kb used=1993Kb max_used=1993Kb free=117110Kb
 bounds [0x000002c72b3e0000, 0x000002c72b650000, 0x000002c732830000]
CodeHeap 'non-nmethods': size=7488Kb used=1332Kb max_used=3061Kb free=6155Kb
 bounds [0x000002c732830000, 0x000002c732b40000, 0x000002c732f80000]
 total_blobs=1656 nmethods=1089 adapters=478
 compilation: enabled
              stopped_count=0, restarted_count=0
 full_count=0

Compilation events (20 events):
Event: 119.813 Thread 0x000002c7474b6e80 1079       3       java.lang.invoke.MemberName::isResolved (13 bytes)
Event: 119.814 Thread 0x000002c7474b6e80 nmethod 1079 0x000002c72b5ce510 code [0x000002c72b5ce6a0, 0x000002c72b5ce818]
Event: 119.814 Thread 0x000002c7474b6e80 1081       3       java.lang.invoke.MethodHandle::<init> (37 bytes)
Event: 119.814 Thread 0x000002c7474b6e80 nmethod 1081 0x000002c72b5ce890 code [0x000002c72b5ceaa0, 0x000002c72b5cf038]
Event: 119.814 Thread 0x000002c7474b6e80 1082       3       java.lang.invoke.LambdaForm::prepare (112 bytes)
Event: 119.814 Thread 0x000002c7474b6e80 nmethod 1082 0x000002c72b5cf290 code [0x000002c72b5cf4e0, 0x000002c72b5cfd58]
Event: 119.814 Thread 0x000002c7474b6e80 1080       1       java.lang.invoke.MethodHandles$Lookup::lookupClass (5 bytes)
Event: 119.814 Thread 0x000002c7474b6e80 nmethod 1080 0x000002c7330a2590 code [0x000002c7330a2720, 0x000002c7330a27f8]
Event: 119.817 Thread 0x000002c7474b6e80 1085       3       ilog.cplex.CpxNumVar::setLB (46 bytes)
Event: 119.817 Thread 0x000002c7474b6e80 nmethod 1085 0x000002c72b5d0010 code [0x000002c72b5d0200, 0x000002c72b5d05c8]
Event: 119.817 Thread 0x000002c7474b6e80 1087       3       ilog.cplex.CplexI::setLB (22 bytes)
Event: 119.817 Thread 0x000002c7474b6e80 nmethod 1087 0x000002c72b5d0710 code [0x000002c72b5d08e0, 0x000002c72b5d0a88]
Event: 119.817 Thread 0x000002c7474b6e80 1088       3       ilog.cplex.CplexI::_setLb (59 bytes)
Event: 119.817 Thread 0x000002c7474b6e80 nmethod 1088 0x000002c72b5d0b90 code [0x000002c72b5d0d60, 0x000002c72b5d1178]
Event: 119.817 Thread 0x000002c7474b6e80 1084       3       ilog.cplex.CpxNumVar::setUB (43 bytes)
Event: 119.818 Thread 0x000002c7474b6e80 nmethod 1084 0x000002c72b5d1310 code [0x000002c72b5d1500, 0x000002c72b5d1808]
Event: 119.818 Thread 0x000002c7474b6e80 1086       3       ilog.cplex.CplexI::_setUb (59 bytes)
Event: 119.818 Thread 0x000002c7474b6e80 nmethod 1086 0x000002c72b5d1910 code [0x000002c72b5d1ae0, 0x000002c72b5d1ef8]
Event: 119.818 Thread 0x000002c7474b6e80 1089       3       ilog.cplex.CplexI::setUB (22 bytes)
Event: 119.818 Thread 0x000002c7474b6e80 nmethod 1089 0x000002c72b5d2090 code [0x000002c72b5d2260, 0x000002c72b5d2408]

GC Heap History (14 events):
Event: 0.073 GC heap before
{Heap before GC invocations=0 (full 0):
 garbage-first heap   total 258048K, used 22528K [0x0000000704e00000, 0x0000000800000000)
  region size 2048K, 11 young (22528K), 0 survivors (0K)
 Metaspace       used 375K, committed 512K, reserved 1114112K
  class space    used 23K, committed 128K, reserved 1048576K
}
Event: 0.077 GC heap after
{Heap after GC invocations=1 (full 0):
 garbage-first heap   total 258048K, used 7584K [0x0000000704e00000, 0x0000000800000000)
  region size 2048K, 2 young (4096K), 2 survivors (4096K)
 Metaspace       used 375K, committed 512K, reserved 1114112K
  class space    used 23K, committed 128K, reserved 1048576K
}
Event: 0.100 GC heap before
{Heap before GC invocations=1 (full 0):
 garbage-first heap   total 258048K, used 28064K [0x0000000704e00000, 0x0000000800000000)
  region size 2048K, 12 young (24576K), 2 survivors (4096K)
 Metaspace       used 399K, committed 576K, reserved 1114112K
  class space    used 23K, committed 128K, reserved 1048576K
}
Event: 0.104 GC heap after
{Heap after GC invocations=2 (full 0):
 garbage-first heap   total 258048K, used 13765K [0x0000000704e00000, 0x0000000800000000)
  region size 2048K, 2 young (4096K), 2 survivors (4096K)
 Metaspace       used 399K, committed 576K, reserved 1114112K
  class space    used 23K, committed 128K, reserved 1048576K
}
Event: 0.146 GC heap before
{Heap before GC invocations=2 (full 0):
 garbage-first heap   total 258048K, used 56773K [0x0000000704e00000, 0x0000000800000000)
  region size 2048K, 23 young (47104K), 2 survivors (4096K)
 Metaspace       used 428K, committed 576K, reserved 1114112K
  class space    used 23K, committed 128K, reserved 1048576K
}
Event: 0.153 GC heap after
{Heap after GC invocations=3 (full 0):
 garbage-first heap   total 258048K, used 32003K [0x0000000704e00000, 0x0000000800000000)
  region size 2048K, 3 young (6144K), 3 survivors (6144K)
 Metaspace       used 428K, committed 576K, reserved 1114112K
  class space    used 23K, committed 128K, reserved 1048576K
}
Event: 0.394 GC heap before
{Heap before GC invocations=3 (full 0):
 garbage-first heap   total 258048K, used 87299K [0x0000000704e00000, 0x0000000800000000)
  region size 2048K, 30 young (61440K), 3 survivors (6144K)
 Metaspace       used 494K, committed 704K, reserved 1114112K
  class space    used 28K, committed 128K, reserved 1048576K
}
Event: 0.404 GC heap after
{Heap after GC invocations=4 (full 0):
 garbage-first heap   total 258048K, used 47537K [0x0000000704e00000, 0x0000000800000000)
  region size 2048K, 4 young (8192K), 4 survivors (8192K)
 Metaspace       used 494K, committed 704K, reserved 1114112K
  class space    used 28K, committed 128K, reserved 1048576K
}
Event: 0.621 GC heap before
{Heap before GC invocations=4 (full 0):
 garbage-first heap   total 258048K, used 106929K [0x0000000704e00000, 0x0000000800000000)
  region size 2048K, 34 young (69632K), 4 survivors (8192K)
 Metaspace       used 2053K, committed 2240K, reserved 1114112K
  class space    used 166K, committed 256K, reserved 1048576K
}
Event: 0.627 GC heap after
{Heap after GC invocations=5 (full 0):
 garbage-first heap   total 516096K, used 57600K [0x0000000704e00000, 0x0000000800000000)
  region size 2048K, 5 young (10240K), 5 survivors (10240K)
 Metaspace       used 2053K, committed 2240K, reserved 1114112K
  class space    used 166K, committed 256K, reserved 1048576K
}
Event: 1.215 GC heap before
{Heap before GC invocations=5 (full 0):
 garbage-first heap   total 516096K, used 352512K [0x0000000704e00000, 0x0000000800000000)
  region size 2048K, 151 young (309248K), 5 survivors (10240K)
 Metaspace       used 2257K, committed 2368K, reserved 1114112K
  class space    used 194K, committed 256K, reserved 1048576K
}
Event: 1.249 GC heap after
{Heap after GC invocations=6 (full 1):
 garbage-first heap   total 286720K, used 69910K [0x0000000704e00000, 0x0000000800000000)
  region size 2048K, 0 young (0K), 0 survivors (0K)
 Metaspace       used 2257K, committed 2368K, reserved 1114112K
  class space    used 194K, committed 256K, reserved 1048576K
}
Event: 57.610 GC heap before
{Heap before GC invocations=6 (full 1):
 garbage-first heap   total 286720K, used 180502K [0x0000000704e00000, 0x0000000800000000)
  region size 2048K, 55 young (112640K), 0 survivors (0K)
 Metaspace       used 2596K, committed 2816K, reserved 1114112K
  class space    used 232K, committed 320K, reserved 1048576K
}
Event: 57.614 GC heap after
{Heap after GC invocations=7 (full 1):
 garbage-first heap   total 286720K, used 75946K [0x0000000704e00000, 0x0000000800000000)
  region size 2048K, 3 young (6144K), 3 survivors (6144K)
 Metaspace       used 2596K, committed 2816K, reserved 1114112K
  class space    used 232K, committed 320K, reserved 1048576K
}

Dll operation events (7 events):
Event: 0.005 Loaded shared library C:\Program Files\Java\jdk-19\bin\java.dll
Event: 0.011 Loaded shared library C:\Program Files\Java\jdk-19\bin\jsvml.dll
Event: 0.030 Loaded shared library C:\Program Files\Java\jdk-19\bin\net.dll
Event: 0.031 Loaded shared library C:\Program Files\Java\jdk-19\bin\nio.dll
Event: 0.035 Loaded shared library C:\Program Files\Java\jdk-19\bin\zip.dll
Event: 0.479 Loaded shared library C:\Applications\CPLEX_Studio2211\opl\bin\x64_win64\cplex2211.dll
Event: 11.433 Loaded shared library C:\Program Files\Java\jdk-19\bin\jimage.dll

Deoptimization events (20 events):
Event: 14.430 Thread 0x000002c7474ba840 DEOPT PACKING pc=0x000002c72b4a71aa sp=0x000000cf84aff1a0
Event: 14.430 Thread 0x000002c7474ba840 DEOPT UNPACKING pc=0x000002c732897543 sp=0x000000cf84afe608 mode 0
Event: 14.464 Thread 0x000002c7474ba840 Uncommon trap: trap_request=0xffffffde fr.pc=0x000002c733086f4c relative=0x000000000000028c
Event: 14.464 Thread 0x000002c7474ba840 Uncommon trap: reason=class_check action=maybe_recompile pc=0x000002c733086f4c method=java.util.regex.Pattern$BmpCharPropertyGreedy.match(Ljava/util/regex/Matcher;ILjava/lang/CharSequence;)Z @ 26 c2
Event: 14.464 Thread 0x000002c7474ba840 DEOPT PACKING pc=0x000002c733086f4c sp=0x000000cf84afed70
Event: 14.464 Thread 0x000002c7474ba840 DEOPT UNPACKING pc=0x000002c732896da3 sp=0x000000cf84afed28 mode 2
Event: 55.950 Thread 0x000002c7474ba840 DEOPT PACKING pc=0x000002c72b5b5a92 sp=0x000000cf84aff2d0
Event: 55.950 Thread 0x000002c7474ba840 DEOPT UNPACKING pc=0x000002c732897543 sp=0x000000cf84afe7d8 mode 0
Event: 86.419 Thread 0x000002c7474ba840 Uncommon trap: trap_request=0xffffffbe fr.pc=0x000002c73309c054 relative=0x0000000000001434
Event: 86.419 Thread 0x000002c7474ba840 Uncommon trap: reason=profile_predicate action=maybe_recompile pc=0x000002c73309c054 method=org.sbpo2025.challenge.ItModel.saveSolution()Lorg/sbpo2025/challenge/ChallengeSolution; @ 25 c2
Event: 86.419 Thread 0x000002c7474ba840 DEOPT PACKING pc=0x000002c73309c054 sp=0x000000cf84aff310
Event: 86.419 Thread 0x000002c7474ba840 DEOPT UNPACKING pc=0x000002c732896da3 sp=0x000000cf84aff2d8 mode 2
Event: 87.894 Thread 0x000002c7474ba840 Uncommon trap: trap_request=0xffffff45 fr.pc=0x000002c732fedd2c relative=0x00000000000005ec
Event: 87.894 Thread 0x000002c7474ba840 Uncommon trap: reason=unstable_if action=reinterpret pc=0x000002c732fedd2c method=java.lang.StringConcatHelper.prepend(J[BILjava/lang/String;)J @ 9 c2
Event: 87.894 Thread 0x000002c7474ba840 DEOPT PACKING pc=0x000002c732fedd2c sp=0x000000cf84aff0b0
Event: 87.894 Thread 0x000002c7474ba840 DEOPT UNPACKING pc=0x000002c732896da3 sp=0x000000cf84aff068 mode 2
Event: 119.814 Thread 0x000002c72347c5a0 Uncommon trap: trap_request=0xffffffde fr.pc=0x000002c732feaa68 relative=0x0000000000000108
Event: 119.814 Thread 0x000002c72347c5a0 Uncommon trap: reason=class_check action=maybe_recompile pc=0x000002c732feaa68 method=java.lang.invoke.LambdaForm$MH/0x0000000801021400.invoke(Ljava/lang/Object;I)Ljava/lang/Object; @ 27 c2
Event: 119.814 Thread 0x000002c72347c5a0 DEOPT PACKING pc=0x000002c732feaa68 sp=0x000000cf824ff260
Event: 119.814 Thread 0x000002c72347c5a0 DEOPT UNPACKING pc=0x000002c732896da3 sp=0x000000cf824ff1b8 mode 2

Classes loaded (20 events):
Event: 11.425 Loading class jdk/internal/math/FDBigInteger
Event: 11.425 Loading class jdk/internal/math/FDBigInteger done
Event: 11.426 Loading class jdk/internal/math/FormattedFloatingDecimal$2
Event: 11.426 Loading class jdk/internal/math/FormattedFloatingDecimal$2 done
Event: 11.431 Loading class jdk/internal/module/ModulePatcher$PatchedModuleReader
Event: 11.431 Loading class jdk/internal/module/ModulePatcher$PatchedModuleReader done
Event: 11.435 Loading class sun/net/www/protocol/jrt/Handler
Event: 11.435 Loading class sun/net/www/protocol/jrt/Handler done
Event: 11.444 Loading class sun/util/resources/LocaleData$CommonResourceBundleProvider
Event: 11.444 Loading class sun/util/resources/LocaleData$LocaleDataResourceBundleProvider
Event: 11.444 Loading class java/util/spi/ResourceBundleProvider
Event: 11.444 Loading class java/util/spi/ResourceBundleProvider done
Event: 11.444 Loading class sun/util/resources/LocaleData$LocaleDataResourceBundleProvider done
Event: 11.444 Loading class sun/util/resources/LocaleData$CommonResourceBundleProvider done
Event: 11.446 Loading class sun/util/resources/Bundles$2
Event: 11.446 Loading class sun/util/resources/Bundles$2 done
Event: 11.447 Loading class java/lang/InstantiationException
Event: 11.448 Loading class java/lang/InstantiationException done
Event: 11.448 Loading class java/lang/IllegalAccessException
Event: 11.448 Loading class java/lang/IllegalAccessException done

Classes unloaded (0 events):
No events

Classes redefined (0 events):
No events

Internal exceptions (5 events):
Event: 0.251 Thread 0x000002c72347c5a0 Implicit null exception at 0x000002c732fa7229 to 0x000002c732fa73fc
Event: 0.251 Thread 0x000002c72347c5a0 Implicit null exception at 0x000002c732fa50c7 to 0x000002c732fa539c
Event: 0.489 Thread 0x000002c72347c5a0 Implicit null exception at 0x000002c732f9d137 to 0x000002c732f9d8b0
Event: 0.755 Thread 0x000002c72347c5a0 Implicit null exception at 0x000002c732ffddb8 to 0x000002c732ffe91c
Event: 87.894 Thread 0x000002c7474ba840 Implicit null exception at 0x000002c732fed8d0 to 0x000002c732fedd10

VM Operations (20 events):
Event: 2.256 Executing VM operation: Cleanup
Event: 2.256 Executing VM operation: Cleanup done
Event: 11.461 Executing VM operation: HandshakeAllThreads
Event: 11.461 Executing VM operation: HandshakeAllThreads done
Event: 11.461 Executing VM operation: Cleanup
Event: 11.462 Executing VM operation: Cleanup done
Event: 12.474 Executing VM operation: Cleanup
Event: 12.475 Executing VM operation: Cleanup done
Event: 34.694 Executing VM operation: Cleanup
Event: 34.694 Executing VM operation: Cleanup done
Event: 55.959 Executing VM operation: Cleanup
Event: 55.959 Executing VM operation: Cleanup done
Event: 57.610 Executing VM operation: G1CollectForAllocation
Event: 57.614 Executing VM operation: G1CollectForAllocation done
Event: 70.754 Executing VM operation: Cleanup
Event: 70.754 Executing VM operation: Cleanup done
Event: 86.891 Executing VM operation: Cleanup
Event: 86.891 Executing VM operation: Cleanup done
Event: 87.906 Executing VM operation: Cleanup
Event: 87.906 Executing VM operation: Cleanup done

Events (20 events):
Event: 97.703 Thread 0x000002c769e4a3c0 Thread exited: 0x000002c769e4a3c0
Event: 97.703 Thread 0x000002c774af69d0 Thread exited: 0x000002c774af69d0
Event: 97.703 Thread 0x000002c76dc3b120 Thread exited: 0x000002c76dc3b120
Event: 97.703 Thread 0x000002c75e42b120 Thread exited: 0x000002c75e42b120
Event: 97.703 Thread 0x000002c7672fd160 Thread exited: 0x000002c7672fd160
Event: 97.703 Thread 0x000002c7672fdc00 Thread exited: 0x000002c7672fdc00
Event: 97.796 Thread 0x000002c774af59e0 Thread added: 0x000002c774af59e0
Event: 97.796 Thread 0x000002c7697035d0 Thread added: 0x000002c7697035d0
Event: 114.154 Thread 0x000002c759194da0 Thread exited: 0x000002c759194da0
Event: 117.934 Thread 0x000002c763796110 Thread exited: 0x000002c763796110
Event: 119.594 Thread 0x000002c7692fa9d0 Thread exited: 0x000002c7692fa9d0
Event: 119.603 Thread 0x000002c7582d6410 Thread exited: 0x000002c7582d6410
Event: 119.616 Thread 0x000002c769e49e70 Thread exited: 0x000002c769e49e70
Event: 119.620 Thread 0x000002c750613220 Thread exited: 0x000002c750613220
Event: 119.630 Thread 0x000002c7474ba840 Thread exited: 0x000002c7474ba840
Event: 119.764 Thread 0x000002c774af59e0 Thread exited: 0x000002c774af59e0
Event: 119.784 Thread 0x000002c7697035d0 Thread exited: 0x000002c7697035d0
Event: 119.808 Thread 0x000002c7474b9850 Thread exited: 0x000002c7474b9850
Event: 119.816 Thread 0x000002c7692f99e0 Thread added: 0x000002c7692f99e0
Event: 119.816 Thread 0x000002c7692fa9d0 Thread added: 0x000002c7692fa9d0


Dynamic libraries:
0x00007ff6a33c0000 - 0x00007ff6a33d0000 	C:\Program Files\Java\jdk-19\bin\java.exe
0x00007ffb4f920000 - 0x00007ffb4fb86000 	C:\WINDOWS\SYSTEM32\ntdll.dll
0x00007ffb4eb50000 - 0x00007ffb4ec19000 	C:\WINDOWS\System32\KERNEL32.DLL
0x00007ffb4d1d0000 - 0x00007ffb4d59c000 	C:\WINDOWS\System32\KERNELBASE.dll
0x00007ffb4cab0000 - 0x00007ffb4cbfb000 	C:\WINDOWS\System32\ucrtbase.dll
0x00007ffb2a2d0000 - 0x00007ffb2a2eb000 	C:\Program Files\Java\jdk-19\bin\VCRUNTIME140.dll
0x00007ffb2a780000 - 0x00007ffb2a798000 	C:\Program Files\Java\jdk-19\bin\jli.dll
0x00007ffb4f7c0000 - 0x00007ffb4f872000 	C:\WINDOWS\System32\ADVAPI32.dll
0x00007ffb4e020000 - 0x00007ffb4e0c9000 	C:\WINDOWS\System32\msvcrt.dll
0x00007ffb4e1d0000 - 0x00007ffb4e276000 	C:\WINDOWS\System32\sechost.dll
0x00007ffb4e880000 - 0x00007ffb4e996000 	C:\WINDOWS\System32\RPCRT4.dll
0x00007ffb4f4f0000 - 0x00007ffb4f6ba000 	C:\WINDOWS\System32\USER32.dll
0x00007ffb4d1a0000 - 0x00007ffb4d1c7000 	C:\WINDOWS\System32\win32u.dll
0x00007ffb4ec20000 - 0x00007ffb4ec4b000 	C:\WINDOWS\System32\GDI32.dll
0x00007ffb4d5a0000 - 0x00007ffb4d6d2000 	C:\WINDOWS\System32\gdi32full.dll
0x00007ffb2cd10000 - 0x00007ffb2cfaa000 	C:\WINDOWS\WinSxS\amd64_microsoft.windows.common-controls_6595b64144ccf1df_6.0.26100.3912_none_3e07963ce335137e\COMCTL32.dll
0x00007ffb4cee0000 - 0x00007ffb4cf83000 	C:\WINDOWS\System32\msvcp_win.dll
0x00007ffb39060000 - 0x00007ffb3906b000 	C:\WINDOWS\SYSTEM32\VERSION.dll
0x00007ffb4eb10000 - 0x00007ffb4eb40000 	C:\WINDOWS\System32\IMM32.DLL
0x00007ffb2e2b0000 - 0x00007ffb2e2bc000 	C:\Program Files\Java\jdk-19\bin\vcruntime140_1.dll
0x00007ffb21d70000 - 0x00007ffb21dfe000 	C:\Program Files\Java\jdk-19\bin\msvcp140.dll
0x00007ffab7390000 - 0x00007ffab8050000 	C:\Program Files\Java\jdk-19\bin\server\jvm.dll
0x00007ffb1fb60000 - 0x00007ffb1fb6a000 	C:\WINDOWS\SYSTEM32\WSOCK32.dll
0x00007ffb46a60000 - 0x00007ffb46a96000 	C:\WINDOWS\SYSTEM32\WINMM.dll
0x00007ffb4f6c0000 - 0x00007ffb4f734000 	C:\WINDOWS\System32\WS2_32.dll
0x00007ffb4b990000 - 0x00007ffb4b9aa000 	C:\WINDOWS\SYSTEM32\kernel.appcore.dll
0x00007ffb2dae0000 - 0x00007ffb2daea000 	C:\Program Files\Java\jdk-19\bin\jimage.dll
0x00007ffb49d10000 - 0x00007ffb49f51000 	C:\WINDOWS\SYSTEM32\DBGHELP.DLL
0x00007ffb4e4f0000 - 0x00007ffb4e874000 	C:\WINDOWS\System32\combase.dll
0x00007ffb4ec50000 - 0x00007ffb4ed30000 	C:\WINDOWS\System32\OLEAUT32.dll
0x00007ffb0da20000 - 0x00007ffb0da59000 	C:\WINDOWS\SYSTEM32\dbgcore.DLL
0x00007ffb4ccc0000 - 0x00007ffb4cd59000 	C:\WINDOWS\System32\bcryptPrimitives.dll
0x00007ffb2a060000 - 0x00007ffb2a086000 	C:\Program Files\Java\jdk-19\bin\java.dll
0x00007ffb14f10000 - 0x00007ffb14fe7000 	C:\Program Files\Java\jdk-19\bin\jsvml.dll
0x00007ffb4ed40000 - 0x00007ffb4f46d000 	C:\WINDOWS\System32\SHELL32.dll
0x00007ffb4cd60000 - 0x00007ffb4ced4000 	C:\WINDOWS\System32\wintypes.dll
0x00007ffb4a740000 - 0x00007ffb4af96000 	C:\WINDOWS\SYSTEM32\windows.storage.dll
0x00007ffb4e0d0000 - 0x00007ffb4e1bf000 	C:\WINDOWS\System32\SHCORE.dll
0x00007ffb4f480000 - 0x00007ffb4f4e9000 	C:\WINDOWS\System32\shlwapi.dll
0x00007ffb4c9c0000 - 0x00007ffb4c9ef000 	C:\WINDOWS\SYSTEM32\profapi.dll
0x00007ffb2a040000 - 0x00007ffb2a053000 	C:\Program Files\Java\jdk-19\bin\net.dll
0x00007ffb433c0000 - 0x00007ffb434de000 	C:\WINDOWS\SYSTEM32\WINHTTP.dll
0x00007ffb4bf00000 - 0x00007ffb4bf6a000 	C:\WINDOWS\system32\mswsock.dll
0x00007ffb25fc0000 - 0x00007ffb25fd6000 	C:\Program Files\Java\jdk-19\bin\nio.dll
0x00007ffb25fa0000 - 0x00007ffb25fb8000 	C:\Program Files\Java\jdk-19\bin\zip.dll
0x00007ffab5850000 - 0x00007ffab7381000 	C:\Applications\CPLEX_Studio2211\opl\bin\x64_win64\cplex2211.dll

dbghelp: loaded successfully - version: 4.0.5 - missing functions: none
symbol engine: initialized successfully - sym options: 0x614 - pdb path: .;C:\Program Files\Java\jdk-19\bin;C:\WINDOWS\SYSTEM32;C:\WINDOWS\WinSxS\amd64_microsoft.windows.common-controls_6595b64144ccf1df_6.0.26100.3912_none_3e07963ce335137e;C:\Program Files\Java\jdk-19\bin\server;C:\Applications\CPLEX_Studio2211\opl\bin\x64_win64

VM Arguments:
jvm_args: -Djava.library.path=C:/Applications/CPLEX_Studio2211/opl/bin/x64_win64 
java_command: target/ChallengeSBPO2025-1.0.jar datasets/b/instance_0011.txt test_out.txt
java_class_path (initial): target/ChallengeSBPO2025-1.0.jar
Launcher Type: SUN_STANDARD

[Global flags]
     intx CICompilerCount                          = 12                                        {product} {ergonomic}
     uint ConcGCThreads                            = 4                                         {product} {ergonomic}
     uint G1ConcRefinementThreads                  = 15                                        {product} {ergonomic}
   size_t G1HeapRegionSize                         = 2097152                                   {product} {ergonomic}
    uintx GCDrainStackTargetSize                   = 64                                        {product} {ergonomic}
   size_t InitialHeapSize                          = 264241152                                 {product} {ergonomic}
   size_t MarkStackSize                            = 4194304                                   {product} {ergonomic}
   size_t MaxHeapSize                              = 4213178368                                {product} {ergonomic}
   size_t MaxNewSize                               = 2527068160                                {product} {ergonomic}
   size_t MinHeapDeltaBytes                        = 2097152                                   {product} {ergonomic}
   size_t MinHeapSize                              = 8388608                                   {product} {ergonomic}
    uintx NonNMethodCodeHeapSize                   = 7602480                                {pd product} {ergonomic}
    uintx NonProfiledCodeHeapSize                  = 122027880                              {pd product} {ergonomic}
    uintx ProfiledCodeHeapSize                     = 122027880                              {pd product} {ergonomic}
    uintx ReservedCodeCacheSize                    = 251658240                              {pd product} {ergonomic}
     bool SegmentedCodeCache                       = true                                      {product} {ergonomic}
   size_t SoftMaxHeapSize                          = 4213178368                             {manageable} {ergonomic}
     bool UseCompressedClassPointers               = true                           {product lp64_product} {ergonomic}
     bool UseCompressedOops                        = true                           {product lp64_product} {ergonomic}
     bool UseG1GC                                  = true                                      {product} {ergonomic}
     bool UseLargePagesIndividualAllocation        = false                                  {pd product} {ergonomic}

Logging:
Log output configuration:
 #0: stdout all=warning uptime,level,tags foldmultilines=false
 #1: stderr all=off uptime,level,tags foldmultilines=false

Environment Variables:
PATH=C:\Applications\CPLEX_Studio2211\opl\bin\x64_win64;C:\Applications\CPLEX_Studio2211\opl\oplide\;C:\Applications\CPLEX_Studio2211\cplex\bin\x64_win64;C:\Applications\CPLEX_Studio2211\cpoptimizer\bin\x64_win64;C:\Program Files\IBM\ILOG\CPLEX_Studio2212\opl\bin\x64_win64;C:\Program Files\IBM\ILOG\CPLEX_Studio2212\opl\oplide\;C:\Program Files\IBM\ILOG\CPLEX_Studio2212\cplex\bin\x64_win64;C:\Program Files\IBM\ILOG\CPLEX_Studio2212\cpoptimizer\bin\x64_win64;C:\gurobi1100\win64\bin;C:\Program Files\MinGW\bin;C:\apache-maven-3.9.9\bin;C:\Users\andre\OneDrive\Documentos\z3\build;C:\Program Files\Common Files\Oracle\Java\javapath;C:\Program Files (x86)\Common Files\Oracle\Java\java8path;C:\Program Files (x86)\Common Files\Oracle\Java\javapath;C:\Windows\system32;C:\Windows;C:\Windows\System32\Wbem;C:\Windows\System32\WindowsPowerShell\v1.0\;C:\Windows\System32\OpenSSH\;C:\Program Files\dotnet\;C:\Program Files\NVIDIA Corporation\NVIDIA NvDLISR;C:\Program Files (x86)\NVIDIA Corporation\PhysX\Common;C:\Program Files\Git\cmd;C:\Program Files\Microsoft SQL Server\150\Tools\Binn\;C:\Program Files (x86)\Windows Kits\10\Windows Performance Toolkit\;C:\Strawberry\c\bin;C:\Strawberry\perl\site\bin;C:\Strawberry\perl\bin;C:\Program Files\Docker\Docker\resources\bin;C:\WINDOWS\system32;C:\WINDOWS;C:\WINDOWS\System32\Wbem;C:\WINDOWS\System32\WindowsPowerShell\v1.0\;C:\WINDOWS\System32\OpenSSH\;C:\Users\andre\AppData\Local\Microsoft\WindowsApps\PythonSoftwareFoundation.Python.3.10_qbz5n2kfra8p0\Scripts;C:\Ruby32-x64\bin;C:\Users\andre\AppData\Local\Microsoft\WindowsApps;C:\Users\andre\AppData\Local\Programs\Microsoft VS Code\bin;C:\Users\andre\.dotnet\tools;C:\ghcup\bin
USERNAME=andre
OS=Windows_NT
PROCESSOR_IDENTIFIER=Intel64 Family 6 Model 154 Stepping 3, GenuineIntel
TMP=C:\Users\andre\AppData\Local\Temp
TEMP=C:\Users\andre\AppData\Local\Temp



---------------  S Y S T E M  ---------------

OS:
 Windows 11 , 64 bit Build 26100 (10.0.26100.3912)
OS uptime: 0 days 1:22 hours
Hyper-V role detected

CPU: total 20 (initial active 20) (10 cores per cpu, 2 threads per core) family 6 model 154 stepping 3 microcode 0x437, cx8, cmov, fxsr, ht, mmx, 3dnowpref, sse, sse2, sse3, ssse3, sse4.1, sse4.2, popcnt, lzcnt, tsc, tscinvbit, avx, avx2, aes, erms, clmul, bmi1, bmi2, adx, sha, fma, vzeroupper, clflush, clflushopt, clwb, hv, serialize, rdtscp, rdpid, fsrm

Memory: 4k page, system-wide physical 16068M (6311M free)
TotalPageFile size 17092M (AvailPageFile size 5481M)
current process WorkingSet (physical memory assigned to process): 380M, peak: 1319M
current process commit charge ("private bytes"): 557M, peak: 1642M

vm_info: Java HotSpot(TM) 64-Bit Server VM (19.0.2+7-44) for windows-amd64 JRE (19.0.2+7-44), built on 2022-11-30T18:02:09Z by "mach5one" with MS VC++ 17.1 (VS2022)

END.
